// Jest Snapshot v1, https://jestjs.io/docs/snapshot-testing

exports[`WeeklyCheckinForm accessibility and snapshot has accessible form and step indicator 1`] = `
<div>
  <div
    class="rounded-2xl bg-slate-800/80 p-6 text-slate-100 "
  >
    <form
      aria-label="Weekly check-in form"
      class="space-y-6"
      novalidate=""
    >
      <div
        aria-label="Step 1 of 6"
        aria-valuemax="6"
        aria-valuemin="1"
        aria-valuenow="1"
        class="flex flex-col gap-2 "
        role="progressbar"
      >
        <div
          class="flex justify-between items-center text-sm"
        >
          <span
            class="text-slate-300 font-medium"
          >
            Step 
            1
             of 
            6
          </span>
          <span
            class="text-violet-400 font-semibold"
          >
            17
            %
          </span>
        </div>
        <div
          aria-hidden="true"
          class="h-2 w-full bg-slate-700 rounded-full overflow-hidden"
        >
          <div
            class="h-full bg-violet-500 rounded-full transition-all duration-300 ease-out"
            style="width: 16.666666666666664%;"
          />
        </div>
      </div>
      <div
        aria-label="Physical wellness"
        class="space-y-6 animate-fade-in-up"
        role="group"
      >
        <div
          aria-label="How many days did you exercise this week?"
          class="space-y-3 "
          role="group"
        >
          <div
            class="text-slate-200 font-medium"
            id="exercise_days-label"
          >
            How many days did you exercise this week?
          </div>
          <div
            aria-labelledby="exercise_days-label"
            class="flex flex-wrap gap-2"
            role="radiogroup"
          >
            <button
              aria-checked="true"
              aria-label="0"
              class="
                min-h-[44px] px-4 rounded-xl text-base font-semibold
                transition-all duration-200
                focus:outline-none focus:ring-2 focus:ring-violet-500 focus:ring-offset-2 focus:ring-offset-slate-900
                bg-violet-600 text-white ring-2 ring-violet-400
              "
              role="radio"
              type="button"
            >
              0
            </button>
            <button
              aria-checked="false"
              aria-label="1"
              class="
                min-h-[44px] px-4 rounded-xl text-base font-semibold
                transition-all duration-200
                focus:outline-none focus:ring-2 focus:ring-violet-500 focus:ring-offset-2 focus:ring-offset-slate-900
                bg-slate-700 text-slate-300 hover:bg-slate-600 hover:text-white
              "
              role="radio"
              type="button"
            >
              1
            </button>
            <button
              aria-checked="false"
              aria-label="2"
              class="
                min-h-[44px] px-4 rounded-xl text-base font-semibold
                transition-all duration-200
                focus:outline-none focus:ring-2 focus:ring-violet-500 focus:ring-offset-2 focus:ring-offset-slate-900
                bg-slate-700 text-slate-300 hover:bg-slate-600 hover:text-white
              "
              role="radio"
              type="button"
            >
              2
            </button>
            <button
              aria-checked="false"
              aria-label="3"
              class="
                min-h-[44px] px-4 rounded-xl text-base font-semibold
                transition-all duration-200
                focus:outline-none focus:ring-2 focus:ring-violet-500 focus:ring-offset-2 focus:ring-offset-slate-900
                bg-slate-700 text-slate-300 hover:bg-slate-600 hover:text-white
              "
              role="radio"
              type="button"
            >
              3
            </button>
            <button
              aria-checked="false"
              aria-label="4"
              class="
                min-h-[44px] px-4 rounded-xl text-base font-semibold
                transition-all duration-200
                focus:outline-none focus:ring-2 focus:ring-violet-500 focus:ring-offset-2 focus:ring-offset-slate-900
                bg-slate-700 text-slate-300 hover:bg-slate-600 hover:text-white
              "
              role="radio"
              type="button"
            >
              4
            </button>
            <button
              aria-checked="false"
              aria-label="5"
              class="
                min-h-[44px] px-4 rounded-xl text-base font-semibold
                transition-all duration-200
                focus:outline-none focus:ring-2 focus:ring-violet-500 focus:ring-offset-2 focus:ring-offset-slate-900
                bg-slate-700 text-slate-300 hover:bg-slate-600 hover:text-white
              "
              role="radio"
              type="button"
            >
              5
            </button>
            <button
              aria-checked="false"
              aria-label="6"
              class="
                min-h-[44px] px-4 rounded-xl text-base font-semibold
                transition-all duration-200
                focus:outline-none focus:ring-2 focus:ring-violet-500 focus:ring-offset-2 focus:ring-offset-slate-900
                bg-slate-700 text-slate-300 hover:bg-slate-600 hover:text-white
              "
              role="radio"
              type="button"
            >
              6
            </button>
            <button
              aria-checked="false"
              aria-label="7"
              class="
                min-h-[44px] px-4 rounded-xl text-base font-semibold
                transition-all duration-200
                focus:outline-none focus:ring-2 focus:ring-violet-500 focus:ring-offset-2 focus:ring-offset-slate-900
                bg-slate-700 text-slate-300 hover:bg-slate-600 hover:text-white
              "
              role="radio"
              type="button"
            >
              7
            </button>
          </div>
        </div>
        <div
          class="space-y-3 "
        >
          <label
            class="block text-slate-200 font-medium"
            for="sleep_quality"
          >
            How was your sleep quality?
          </label>
          <div
            class="flex items-center gap-3"
          >
            <span
              aria-hidden="true"
              class="text-2xl select-none"
            >
              😫
            </span>
            <input
              aria-label="How was your sleep quality?"
              aria-valuemax="10"
              aria-valuemin="1"
              aria-valuenow="5"
              class="flex-1 h-12 accent-violet-500 min-w-0 touch-none"
              id="sleep_quality"
              max="10"
              min="1"
              style="min-height: 44px;"
              type="range"
              value="5"
            />
            <span
              aria-hidden="true"
              class="text-2xl select-none"
            >
              😴
            </span>
          </div>
          <div
            class="flex justify-between text-xs text-slate-400"
          >
            <span>
              1
            </span>
            <span
              aria-live="polite"
            >
              5
            </span>
            <span>
              10
            </span>
          </div>
        </div>
      </div>
      <div
        class="flex gap-3 pt-4"
      >
        <button
          aria-label="Next step"
          class="min-h-[44px] flex-1 rounded-xl font-semibold bg-violet-600 text-white hover:bg-violet-500 disabled:opacity-50 disabled:cursor-not-allowed flex items-center justify-center gap-2 focus:outline-none focus:ring-2 focus:ring-violet-500 focus:ring-offset-2 focus:ring-offset-slate-900"
          type="submit"
        >
          Next
        </button>
      </div>
    </form>
  </div>
</div>
`;
